// Jest Snapshot v1, https://goo.gl/fbAQLP

exports[`ZendeskFab snapshot 1`] = `
<Zendesk
  cookies={true}
  defer={true}
  webWidget={
    {
      "answerBot": {
        "avatar": {
          "name": {
            "*": "edX Support",
          },
          "url": "https://edx-cdn.org/v3/prod/favicon.ico",
        },
        "contactOnlyAfterQuery": true,
        "suppress": false,
        "title": {
          "*": "edX Support",
        },
      },
      "chat": {
        "departments": {
          "enabled": [
            "account settings",
            "billing and payments",
            "certificates",
            "deadlines",
            "errors and technical issues",
            "other",
            "proctoring",
          ],
        },
        "suppress": false,
      },
      "contactForm": {
        "attachments": true,
        "selectTicketForm": {
          "*": "Please choose your request type:",
        },
        "ticketForms": [
          {
            "fields": [
              {
                "id": "description",
                "prefill": {
                  "*": "",
                },
              },
            ],
            "id": 360003368814,
            "subject": false,
          },
        ],
      },
      "contactOptions": {
        "enabled": false,
      },
      "helpCenter": {
        "originalArticleButton": true,
      },
    }
  }
/>
`;
